// Jest Snapshot v1, https://goo.gl/fbAQLP

exports[`Level Generation Snapshot test for first 18 levels should match snapshot of first 18 levels: first-18-levels.json 1`] = `
Array [
  Object {
    "cardCount": 5,
    "cycleIndex": 0,
    "levelIndex": 0,
    "oddsKey": "fruitConstantL1",
    "populationMin": 1,
    "scaleLabel": "nest",
    "stepIndex": 0,
  },
  Object {
    "cardCount": 10,
    "cycleIndex": 0,
    "levelIndex": 1,
    "oddsKey": "fruitConstantL1",
    "populationMin": 10,
    "scaleLabel": "grove",
    "stepIndex": 1,
  },
  Object {
    "cardCount": 15,
    "cycleIndex": 0,
    "levelIndex": 2,
    "oddsKey": "fruitConstantL1",
    "populationMin": 50,
    "scaleLabel": "glade",
    "stepIndex": 2,
  },
  Object {
    "cardCount": 20,
    "cycleIndex": 0,
    "levelIndex": 3,
    "oddsKey": "fruitConstantL1",
    "populationMin": 100,
    "scaleLabel": "valley",
    "stepIndex": 3,
  },
  Object {
    "cardCount": 40,
    "cycleIndex": 0,
    "levelIndex": 4,
    "oddsKey": "fruitConstantL1",
    "populationMin": 200,
    "scaleLabel": "region",
    "stepIndex": 4,
  },
  Object {
    "cardCount": 80,
    "cycleIndex": 0,
    "levelIndex": 5,
    "oddsKey": "fruitConstantL1",
    "populationMin": 400,
    "scaleLabel": "province",
    "stepIndex": 5,
  },
  Object {
    "cardCount": 5,
    "cycleIndex": 1,
    "levelIndex": 6,
    "oddsKey": "fruitConstantL1",
    "populationMin": 1,
    "scaleLabel": "nest",
    "stepIndex": 0,
  },
  Object {
    "cardCount": 10,
    "cycleIndex": 1,
    "levelIndex": 7,
    "oddsKey": "fruitConstantL1",
    "populationMin": 10,
    "scaleLabel": "grove",
    "stepIndex": 1,
  },
  Object {
    "cardCount": 15,
    "cycleIndex": 1,
    "levelIndex": 8,
    "oddsKey": "fruitConstantL1",
    "populationMin": 50,
    "scaleLabel": "glade",
    "stepIndex": 2,
  },
  Object {
    "cardCount": 20,
    "cycleIndex": 1,
    "levelIndex": 9,
    "oddsKey": "fruitConstantL1",
    "populationMin": 100,
    "scaleLabel": "valley",
    "stepIndex": 3,
  },
  Object {
    "cardCount": 40,
    "cycleIndex": 1,
    "levelIndex": 10,
    "oddsKey": "fruitConstantL1",
    "populationMin": 200,
    "scaleLabel": "region",
    "stepIndex": 4,
  },
  Object {
    "cardCount": 80,
    "cycleIndex": 1,
    "levelIndex": 11,
    "oddsKey": "fruitConstantL1",
    "populationMin": 400,
    "scaleLabel": "province",
    "stepIndex": 5,
  },
  Object {
    "cardCount": 5,
    "cycleIndex": 2,
    "levelIndex": 12,
    "oddsKey": "fruitConstantL1",
    "populationMin": 1,
    "scaleLabel": "nest",
    "stepIndex": 0,
  },
  Object {
    "cardCount": 10,
    "cycleIndex": 2,
    "levelIndex": 13,
    "oddsKey": "fruitConstantL1",
    "populationMin": 10,
    "scaleLabel": "grove",
    "stepIndex": 1,
  },
  Object {
    "cardCount": 15,
    "cycleIndex": 2,
    "levelIndex": 14,
    "oddsKey": "fruitConstantL1",
    "populationMin": 50,
    "scaleLabel": "glade",
    "stepIndex": 2,
  },
  Object {
    "cardCount": 20,
    "cycleIndex": 2,
    "levelIndex": 15,
    "oddsKey": "fruitConstantL1",
    "populationMin": 100,
    "scaleLabel": "valley",
    "stepIndex": 3,
  },
  Object {
    "cardCount": 40,
    "cycleIndex": 2,
    "levelIndex": 16,
    "oddsKey": "fruitConstantL1",
    "populationMin": 200,
    "scaleLabel": "region",
    "stepIndex": 4,
  },
  Object {
    "cardCount": 80,
    "cycleIndex": 2,
    "levelIndex": 17,
    "oddsKey": "fruitConstantL1",
    "populationMin": 400,
    "scaleLabel": "province",
    "stepIndex": 5,
  },
]
`;
